variableList = {
    "CASE:??????                    = CASE",
    "first:?                        = first_run",
    "DuctedFan.switchDes:?????????  = switchDes",
    "solver.converged:??            = Conv",
    "solver.iterationCounter:???    = Iter",
    "t_to_solve*1000:?????.???   = SolveTime[ms]",

    "DuctedFan.Amb.alt:??????.??            = Alt[ft]", 
    "DuctedFan.Amb.MN:?.??                  = MN", 
    "DuctedFan.Amb.VTAS:???.??              = VTAS[m/s]@m/sec",
    "DuctedFan.Vjet:???.??                  = Vjet[m/s]",
    "DuctedFan.Fn_N:???????.???             = Fn[N]",
    "Fn_target     :???????.???             = Fn_target[N]",
    "DuctedFan.ShP_W/(-1000):?????.????     = Pfan[kW]",
    "DuctedFan.Fan.PR:?.???                 = FPR",
    "DuctedFan.Fan.eff:?.???                = eff",
    "DuctedFan.mdot:???.???                 = mdotin[kg/s]",
    "DuctedFan.Fan.dia:???.??               = Dfan[in]",
    "DuctedFan.Fan.dia:?.???                = Dfan[m]@m", 
    "DuctedFan.Fan.NcPct:???.???            = NcPct", 
    "DuctedFan.Fan.Mtip:?.???               = Mtip", 
    "DuctedFan.Fan.Nmech:?????.???          = Nmech[RPM]", 
    "DuctedFan.FanShaft.trqOut:?????.???    = Torque[Nm]@N*m",
    "DuctedFan.Fan.Wc:???.???               = Wc[lbm/s]", 
    "DuctedFan.FanNozzle.Fl_O.MN:?.???      = NozMN", 
    "DuctedFan.Fan.S_map.s_effDes:?????.??? = s_eff",
    "DuctedFan.Fan.S_map.s_PRdes:?????.???  = s_PR",
    "DuctedFan.Fan.S_map.s_WcDes:?????.???  = s_Wc",
    "DuctedFan.Fan.S_map.s_NcDes:?????.???  = s_Nc",
    "DuctedFan.eta_DF:?.???                 = etaDF"

}