variableList = {
    "CASE:??????                    = CASE",
    "first:???  = First?",
    "Eng.switchDes:?????????        = switchDes",
    "solver.converged:??            = Conv",
    "solver.iterationCounter:???    = Iter",
    "solver.constraintsActive:???    = Constraint",

    "Eng.Amb.alt:??????.??            = Alt[ft]", 
    "Eng.Amb.MN:?.?????               = MN", 
    "Eng.PodProp.Amb.alt:??????.??            = PpAlt[ft]", 
    "Eng.PodProp.Amb.MN:?.?????               = PpMN", 
    "Eng.Amb.VTAS:???.??              = VTAS[m/s]@m/sec",
    "Eng.InEng.Kinl:???????.??        = Kinl",
    "Eng.Phiinl:???????.??        = Phiinl",

    "Eng.Wtshaft:??????.????????      = Wtshaft[N]",

    "Eng.FsEng.W:????.???          = mdotin[lbm/s]",
    "Eng.FsEng.W:????.???          = mdotin[kg/s]@kg/sec",
    "Eng.FusEng.Wfuel:??.????         = mdotf[lbm/s]",
    "Eng.FusEng.Wfuel:??.????         = mdotf[kg/s]@kg/sec",
    "Eng.FusEng.LHV/430:????.??         = LHV[MJ/kg]",

    "Eng.IdealThermalEff:??.???  = eta_thermal",
    "Eng.GB.gearRatio: ??.???    = GearRatio",
    "Eng.PodProp.GB.gearRatio: ??.???    = GearRatioPodProp",
    "Eng.CmpF.Nmech: ??????.??  = FanSpeed[RPM]",
    "Eng.CmpF.PR: ??????.??  = FPR",
    "Eng.CmpF.NcPct: ??????.??  = NcPctFan",
    "Eng.CmpF.Wc/Eng.CmpF.WcDes: ??????.??  = WcFan",
    "Eng.PodProp.Fan.PR: ??????.??  = PodFPR",
    "Eng.PodProp.Fan.NcPct: ??????.??  = PodNcPctFan",
    "Eng.PodProp.Fan.Wc/Eng.CmpF.WcDes: ??????.??  = PodWcFan",
    "Eng.BrnPri.Fl_I.Tt:????.??? = Tt3[K]@K",
    "Eng.TrbH.F041.Tt:????.??? = Tt41[K]@K",
    "Eng.B030.TCLA_NC.fracW+Eng.B030.TCLA_CH.fracW:?.???? = Wcool_W25",
    "Eng.TrbH.Tvane*100/180:????.?? = Tvane[K]",
    "Eng.TrbH.Tblade*100/180:????.?? = Tblade[K]",
    "Eng.B030.TCLA_NC.fracW:?.???? = WcoolNC",
    "Eng.B030.TCLA_CH.fracW:?.???? = WcoolCH",
    "Eng.TrbH.Cool.effCooled:?.??? = TrbHeffCooled",
    "Eng.TrbH.eff:?.??? = TrbHeff",
    "Eng.Perf.Fn_total_N:??????.??? = Fntotal",
    "Fn_target:??????.??? = Fntarget",
    "Eng.Perf.FnSplit:??.????   = Fnsplit",
    "Eng.CmpF.dia: ???.???      = AftFanDia",
    "Eng.PodProp.Fan.dia: ???.???      = FanDia",
    "Eng.n_poddedprops: ???    = n_pprops",
    "Eng.Perf.FfracCore: ?.??? = FfracCore", 
    "Eng.Perf.FfracFan: ?.???      = FfracFan", 
    "Eng.Perf.FfracPodProp:?.???   = FfracPodProp",
    "Eng.Splt.BPR:  ??.???     = BPR" ,
    "Eng.NozPri.Fl_I.Pt/Eng.Amb.Ps: ??.??? = NozPri_PtqP",  
    "Eng.NozPri.Fl_Th.Aphy: ????????.??? = NozPriAth",  
    "Eng.NozPri.Fl_O.MN: ??.??? = Mcore",  
    "Eng.NozSec.Fl_O.MN: ??.??? = Mbyp",   
    "Eng.PodProp.Motor.ShP:??????.????? = MotShP[kW]@kW",
    "Eng.PodProp.Motor.trq:??????.????? = MotTrq[kNm]@kN*m",
    "Eng.PodProp.Motor.f:??????.????? = Motfreq[Hz]",
    "Eng.PodProp.Motor.eff:?.???? = MotEff",
    "Eng.PodProp.Motor.Qohmic/1000:?????.???? =MotQohmic[kW]",
    "Eng.PodProp.Motor.Qwind/1000:?????.????  =MotQwind[kW]",
    "Eng.PodProp.Motor.Qcore/1000:?????.????  =MotQcore[kW]",
    "Eng.PodProp.Motor.lstk:?.????  = MotL[m]",
    "Eng.PodProp.Motor.Rso*2:?.???? = MotDso[m]",
    "Eng.Gen.ShP:??????.????? = GenShP[kW]@kW",
    "Eng.Gen.trq:??????.????? = GenTrq[kNm]@kN*m",
    "Eng.Gen.f:??????.????? = Genfreq[Hz]",
    "Eng.Gen.eff:?.???? = GenEff",
    "Eng.Gen.Qohmic/1000:?????.???? =GenQohmic[kW]",
    "Eng.Gen.Qwind/1000:?????.???? =GenQwind[kW]",
    // "Eng.Gen.Cf",
    // "Eng.Gen.Re",
    "Eng.Gen.Qcore/1000:?????.???? =GenQcore[kW]",
    "Eng.Gen.V:?????.?? = GenV",
    "Eng.Gen.lstk:?.???? = GenL[m]",
    "Eng.Gen.Rso*2:?.???? = GenDso[m]",
    "Eng.PCEC.Af:???.???? = Afcat[m2]",
    "Eng.Amb.humSp:??.????? = HumSp[kg/kg]",
    "Eng.BrnPri.EINOx*(1-Eng.PCEC.deNOx):???.??? = EINOx[g/kg]",
    "Eng.PCEC.deNOx*100:???.??? = deNOx[%]",
    "Eng.PCEC.t_res*1000:???.??? = tres[ms]",
    "Eng.PCEC.Deff:???.??? = Deff[cm2/s]@cm2/sec",
    "Eng.PCEC.Da:??????.?? = Da",
    "Eng.PCEC.zstar:?.???? = zstar",
    "Eng.CmpH.Fl_O.W:??.??? = W3[lbm/s]",
    "Eng.CmpH.Fl_O.Wc:??.??? = Wc3[lbm/s]",
    "Eng.Gen.SP:??.???   = GenSP",
    "Eng.PodProp.Motor.SP:??.??? = MotorSP",
    "Eng.Gen.ShP*Eng.Gen.nparallel*getUnitsFactor(\"hp\",\"W\")*9.81/Eng.Wtshaft:??????.??? = TshaftSP",
    "Eng.CmpF.S_map.RlineMap:??.??? = RlineCmpF",
    "Eng.CmpL.S_map.RlineMap:??.??? = RlineCmpL",
    "Eng.CmpH.S_map.RlineMap:??.??? = RlineCmpH",
    "Eng.PodProp.Fan.S_map.RlineMap:??.??? = RlineFan",
    "Eng.CmpF.SMN:????.?? = SMNCmpF",
    "Eng.CmpL.SMN:????.?? = SMNCmpL",
    "Eng.CmpH.SMN:????.?? = SMNCmpH",
    "Eng.PodProp.Fan.SMN:????.?? = SMNfan"

}