variableList = {

    "CASE:??????                    = CASE",
    "first:???  = First?",
    "Eng.switchDes:?????????        = switchDes",
    "solver.converged:??            = Conv",
    "solver.iterationCounter:???    = Iter",
    "solver.constraintsActive:???    = Constraint",

    "Eng.Amb.alt:??????.??            = Alt[ft]", 
    "Eng.Amb.MN:?.?????               = MN", 
    "Eng.Amb.VTAS:???.??              = VTAS[m/s]@m/sec",

    // "Eng.CmpL.Fl_I.Wc:????.???        = Wc1",
    // "(Eng.FsEng.W/Eng.SpltFan.BPR)*(Eng.InEng.Fl_O.Tt/518.4)**0.5*(14.69/Eng.InEng.Fl_O.Pt):????.??? = Wc2",
    // "1.0/Eng.TrbH.PR:??.??? = 1/HTPR",
    // "1.0/Eng.TrbL.PR:??.??? = 1/LTPR",

    // "Eng.Wtshaft:??????.????????      = Wtshaft[N]",

    "Eng.CmpF.effPoly:????.???        = Fan PolyEff",
    "Eng.CmpL.effPoly:????.???        = LPC PolyEff",
    "Eng.CmpH.effPoly:????.???        = HPC PolyEff",
    "Eng.TrbH.effPoly:????.???        = HPT PolyEff",
    "Eng.TrbL.effPoly:????.???        = LPT PolyEff",


    "Eng.FsEng.W:????.???             = mdotin[lbm/s]",
    "Eng.FsEng.W:????.???             = mdotin[kg/s]@kg/sec",
    "Eng.FusEng.Wfuel:??.????         = mdotf[lbm/s]",
    "Eng.FusEng.Wfuel:??.????         = mdotf[kg/s]@kg/sec",
    "Eng.FusEng.LHV/430:????.??       = LHV[MJ/kg]",
    "Eng.Perf.SFC:??.???              = SFC",
    "Eng.Perf.OPR: ???.???            = OPR",
    // "Eng.Weng/4.44822:??????.??? = Weng",
    // "Eng.Webare/4.44822:??????.??? = Webare",
    // "Eng.Weadd/4.44822:??????.??? = Weadd",
    // "Eng.Wnac/4.44822:??????.??? = Wnac",
    // "Eng.Wpylon/4.44822:??????.??? = Wpylon",



    "Eng.IdealThermalEff:??.???  = eta_thermal",
    "Eng.CmpF.Nmech: ??????.??  = FanSpeed[RPM]",
    "Eng.CmpF.PR: ??????.??  = FPR",
    "Eng.CmpF.NcPct: ??????.??  = NcPctFan",
    "Eng.CmpF.Wc/Eng.CmpF.WcDes: ??????.??  = WcFan",
    "Eng.F020.Tt:????.??? = Tt2[K]@K",
    "Eng.BrnPri.Fl_I.Tt:????.??? = Tt3[K]@K",
    "Eng.TrbH.F041.Tt:????.??? = Tt41[K]@K",
    "Eng.BrnPri.TtCombOut:????.??? = Tt4[K]@K",
    "Eng.F020.Tt:????.??? = Tt2",
    "Eng.BrnPri.Fl_I.Tt:????.??? = Tt3",
    "Eng.TrbH.F041.Tt:????.??? = Tt41",
    "Eng.BrnPri.TtCombOut:????.??? = Tt4",
    "Eng.B030.TCLA_NC.fracW:???.??? = TCLA_NC",
    "Eng.B030.TCLA_CH.fracW:???.??? = TCLA_CH",
    "Eng.Perf.Fn_total_N:??????.??? = Fntotal",
    "Fn_target:??????.??? = Fntarget",
    "Eng.CmpF.dia: ???.???      = FanDia",
    "Eng.Perf.FfracCore: ?.??? = FfracCore", 
    "Eng.Perf.FfracFan: ?.???      = FfracFan", 
    "Eng.SpltFan.BPR:  ??.???     = BPR" ,
    "Eng.NozPri.Fl_I.Pt/Eng.Amb.Ps: ??.??? = NozPri_PtqP",  
    "Eng.NozPri.Fl_Th.Aphy: ????????.??? = NozPriAth",  
    "Eng.NozPri.Fl_O.MN: ??.??? = Mcore",  
    "Eng.NozSec.Fl_O.MN: ??.??? = Mbyp",  
    "Eng.CmpH.Fl_O.Wc:??.??? = Wc3[lbm/s]",
    "Eng.CmpF.S_map.RlineMap:??.??? = RlineCmpF",
    "Eng.CmpL.S_map.RlineMap:??.??? = RlineCmpL",
    "Eng.CmpH.S_map.RlineMap:??.??? = RlineCmpH",
    "Eng.CmpF.SMN:????.?? = SMNCmpF",
    "Eng.CmpL.SMN:????.?? = SMNCmpL",
    "Eng.CmpH.SMN:????.?? = SMNCmpH"
}
